// Jest Snapshot v1, https://goo.gl/fbAQLP

exports[`PermissionProvider render correctly 1`] = `
<div>
  app
</div>
`;
